[WAIT-FOR-RUN] 19:30:48 waiting for lock in /home/u1/workspace/demo/snaplink-audit-governance (0s)...
[WAIT-FOR-RUN] 19:31:48 waiting for lock in /home/u1/workspace/demo/snaplink-audit-governance (60s)...
[WAIT-FOR-RUN] 19:32:48 waiting for lock in /home/u1/workspace/demo/snaplink-audit-governance (120s)...
[WAIT-FOR-RUN] 19:33:48 waiting for lock in /home/u1/workspace/demo/snaplink-audit-governance (180s)...
[WAIT-FOR-RUN] 19:34:48 waiting for lock in /home/u1/workspace/demo/snaplink-audit-governance (240s)...
[WAIT-FOR-RUN] 19:35:48 waiting for lock in /home/u1/workspace/demo/snaplink-audit-governance (300s)...
[WAIT-FOR-RUN] 19:36:48 waiting for lock in /home/u1/workspace/demo/snaplink-audit-governance (360s)...
[WAIT-FOR-RUN] 19:37:48 waiting for lock in /home/u1/workspace/demo/snaplink-audit-governance (420s)...
[WAIT-FOR-RUN] 19:38:48 waiting for lock in /home/u1/workspace/demo/snaplink-audit-governance (480s)...
[WAIT-FOR-RUN] 19:39:48 waiting for lock in /home/u1/workspace/demo/snaplink-audit-governance (540s)...
[WAIT-FOR-RUN] 19:40:48 waiting for lock in /home/u1/workspace/demo/snaplink-audit-governance (600s)...
[WAIT-FOR-RUN] 19:41:48 waiting for lock in /home/u1/workspace/demo/snaplink-audit-governance (660s)...
[WAIT-FOR-RUN] 19:42:48 waiting for lock in /home/u1/workspace/demo/snaplink-audit-governance (720s)...
[WAIT-FOR-RUN] 19:43:48 waiting for lock in /home/u1/workspace/demo/snaplink-audit-governance (780s)...
[WAIT-FOR-RUN] 19:44:48 waiting for lock in /home/u1/workspace/demo/snaplink-audit-governance (840s)...
[WAIT-FOR-RUN] 19:45:48 waiting for lock in /home/u1/workspace/demo/snaplink-audit-governance (900s)...
[WAIT-FOR-RUN] 19:46:48 waiting for lock in /home/u1/workspace/demo/snaplink-audit-governance (960s)...
[WAIT-FOR-RUN] 19:47:48 waiting for lock in /home/u1/workspace/demo/snaplink-audit-governance (1020s)...
[WAIT-FOR-RUN] 19:48:48 waiting for lock in /home/u1/workspace/demo/snaplink-audit-governance (1080s)...
[WAIT-FOR-RUN] 19:49:48 waiting for lock in /home/u1/workspace/demo/snaplink-audit-governance (1140s)...
[WAIT-FOR-RUN] 19:50:48 waiting for lock in /home/u1/workspace/demo/snaplink-audit-governance (1200s)...
[WAIT-FOR-RUN] 19:51:48 waiting for lock in /home/u1/workspace/demo/snaplink-audit-governance (1260s)...
[WAIT-FOR-RUN] 19:52:48 waiting for lock in /home/u1/workspace/demo/snaplink-audit-governance (1320s)...
[WAIT-FOR-RUN] 19:53:48 waiting for lock in /home/u1/workspace/demo/snaplink-audit-governance (1380s)...
[WAIT-FOR-RUN] 19:54:48 waiting for lock in /home/u1/workspace/demo/snaplink-audit-governance (1440s)...
[WAIT-FOR-RUN] 19:55:48 waiting for lock in /home/u1/workspace/demo/snaplink-audit-governance (1500s)...
[WAIT-FOR-RUN] 19:56:48 waiting for lock in /home/u1/workspace/demo/snaplink-audit-governance (1560s)...
[WAIT-FOR-RUN] 19:57:48 waiting for lock in /home/u1/workspace/demo/snaplink-audit-governance (1620s)...
[WAIT-FOR-RUN] 19:58:48 waiting for lock in /home/u1/workspace/demo/snaplink-audit-governance (1680s)...
[WAIT-FOR-RUN] 19:59:48 waiting for lock in /home/u1/workspace/demo/snaplink-audit-governance (1740s)...
[WAIT-FOR-RUN] 20:00:48 waiting for lock in /home/u1/workspace/demo/snaplink-audit-governance (1800s)...
[WAIT-FOR-RUN] 20:01:48 waiting for lock in /home/u1/workspace/demo/snaplink-audit-governance (1860s)...
[WAIT-FOR-RUN] 20:02:48 waiting for lock in /home/u1/workspace/demo/snaplink-audit-governance (1920s)...
[WAIT-FOR-RUN] 20:03:48 waiting for lock in /home/u1/workspace/demo/snaplink-audit-governance (1980s)...
[WAIT-FOR-RUN] 20:04:49 waiting for lock in /home/u1/workspace/demo/snaplink-audit-governance (2040s)...
[WAIT-FOR-RUN] 20:05:49 waiting for lock in /home/u1/workspace/demo/snaplink-audit-governance (2100s)...
[WAIT-FOR-RUN] 20:06:49 waiting for lock in /home/u1/workspace/demo/snaplink-audit-governance (2160s)...
[WAIT-FOR-RUN] 20:07:49 waiting for lock in /home/u1/workspace/demo/snaplink-audit-governance (2220s)...
[WAIT-FOR-RUN] 20:08:49 waiting for lock in /home/u1/workspace/demo/snaplink-audit-governance (2280s)...
[WAIT-FOR-RUN] 20:09:49 waiting for lock in /home/u1/workspace/demo/snaplink-audit-governance (2340s)...
[WAIT-FOR-RUN] 20:10:49 waiting for lock in /home/u1/workspace/demo/snaplink-audit-governance (2400s)...
[WAIT-FOR-RUN] 20:11:49 waiting for lock in /home/u1/workspace/demo/snaplink-audit-governance (2460s)...
[WAIT-FOR-RUN] 20:12:49 waiting for lock in /home/u1/workspace/demo/snaplink-audit-governance (2520s)...
[WAIT-FOR-RUN] 20:13:49 waiting for lock in /home/u1/workspace/demo/snaplink-audit-governance (2580s)...
[WAIT-FOR-RUN] 20:14:49 waiting for lock in /home/u1/workspace/demo/snaplink-audit-governance (2640s)...
[WAIT-FOR-RUN] 20:15:49 waiting for lock in /home/u1/workspace/demo/snaplink-audit-governance (2700s)...
[WAIT-FOR-RUN] 20:16:49 waiting for lock in /home/u1/workspace/demo/snaplink-audit-governance (2760s)...
[WAIT-FOR-RUN] 20:17:49 waiting for lock in /home/u1/workspace/demo/snaplink-audit-governance (2820s)...
[WAIT-FOR-RUN] 20:18:49 waiting for lock in /home/u1/workspace/demo/snaplink-audit-governance (2880s)...
[WAIT-FOR-RUN] 20:19:49 waiting for lock in /home/u1/workspace/demo/snaplink-audit-governance (2940s)...
[WAIT-FOR-RUN] 20:20:49 waiting for lock in /home/u1/workspace/demo/snaplink-audit-governance (3000s)...
[WAIT-FOR-RUN] 20:21:49 waiting for lock in /home/u1/workspace/demo/snaplink-audit-governance (3060s)...
[WAIT-FOR-RUN] 20:22:49 waiting for lock in /home/u1/workspace/demo/snaplink-audit-governance (3120s)...
[WAIT-FOR-RUN] 20:23:49 waiting for lock in /home/u1/workspace/demo/snaplink-audit-governance (3180s)...
[WAIT-FOR-RUN] 20:24:49 waiting for lock in /home/u1/workspace/demo/snaplink-audit-governance (3240s)...
[WAIT-FOR-RUN] 20:25:49 waiting for lock in /home/u1/workspace/demo/snaplink-audit-governance (3300s)...
[WAIT-FOR-RUN] 20:26:49 waiting for lock in /home/u1/workspace/demo/snaplink-audit-governance (3360s)...
[WAIT-FOR-RUN] 20:27:49 waiting for lock in /home/u1/workspace/demo/snaplink-audit-governance (3420s)...
[WAIT-FOR-RUN] 20:28:49 waiting for lock in /home/u1/workspace/demo/snaplink-audit-governance (3480s)...
[WAIT-FOR-RUN] 20:29:49 waiting for lock in /home/u1/workspace/demo/snaplink-audit-governance (3540s)...
[WAIT-FOR-RUN] 20:30:49 waiting for lock in /home/u1/workspace/demo/snaplink-audit-governance (3600s)...
[WAIT-FOR-RUN] 20:31:49 waiting for lock in /home/u1/workspace/demo/snaplink-audit-governance (3660s)...
[WAIT-FOR-RUN] 20:32:49 waiting for lock in /home/u1/workspace/demo/snaplink-audit-governance (3720s)...
[WAIT-FOR-RUN] 20:33:49 waiting for lock in /home/u1/workspace/demo/snaplink-audit-governance (3780s)...
[WAIT-FOR-RUN] 20:34:49 waiting for lock in /home/u1/workspace/demo/snaplink-audit-governance (3840s)...
[WAIT-FOR-RUN] 20:35:49 waiting for lock in /home/u1/workspace/demo/snaplink-audit-governance (3900s)...
[WAIT-FOR-RUN] 20:36:49 waiting for lock in /home/u1/workspace/demo/snaplink-audit-governance (3960s)...
[WAIT-FOR-RUN] 20:37:49 waiting for lock in /home/u1/workspace/demo/snaplink-audit-governance (4020s)...
[WAIT-FOR-RUN] 20:38:49 waiting for lock in /home/u1/workspace/demo/snaplink-audit-governance (4080s)...
[WAIT-FOR-RUN] 20:39:49 waiting for lock in /home/u1/workspace/demo/snaplink-audit-governance (4140s)...
[WAIT-FOR-RUN] 20:40:49 waiting for lock in /home/u1/workspace/demo/snaplink-audit-governance (4200s)...
[WAIT-FOR-RUN] 20:41:49 waiting for lock in /home/u1/workspace/demo/snaplink-audit-governance (4260s)...
[WAIT-FOR-RUN] 20:42:49 waiting for lock in /home/u1/workspace/demo/snaplink-audit-governance (4320s)...
[WAIT-FOR-RUN] 20:43:49 waiting for lock in /home/u1/workspace/demo/snaplink-audit-governance (4380s)...
[WAIT-FOR-RUN] 20:44:49 waiting for lock in /home/u1/workspace/demo/snaplink-audit-governance (4440s)...
[WAIT-FOR-RUN] 20:45:49 waiting for lock in /home/u1/workspace/demo/snaplink-audit-governance (4500s)...
[WAIT-FOR-RUN] 20:46:49 waiting for lock in /home/u1/workspace/demo/snaplink-audit-governance (4560s)...
[WAIT-FOR-RUN] 20:47:49 waiting for lock in /home/u1/workspace/demo/snaplink-audit-governance (4620s)...
[WAIT-FOR-RUN] 20:48:49 waiting for lock in /home/u1/workspace/demo/snaplink-audit-governance (4680s)...
[WAIT-FOR-RUN] 20:49:49 waiting for lock in /home/u1/workspace/demo/snaplink-audit-governance (4740s)...
[WAIT-FOR-RUN] 20:50:49 waiting for lock in /home/u1/workspace/demo/snaplink-audit-governance (4800s)...
[WAIT-FOR-RUN] 20:51:49 waiting for lock in /home/u1/workspace/demo/snaplink-audit-governance (4860s)...
[WAIT-FOR-RUN] 20:52:49 waiting for lock in /home/u1/workspace/demo/snaplink-audit-governance (4920s)...
[WAIT-FOR-RUN] 20:53:49 waiting for lock in /home/u1/workspace/demo/snaplink-audit-governance (4980s)...
[WAIT-FOR-RUN] 20:54:49 waiting for lock in /home/u1/workspace/demo/snaplink-audit-governance (5040s)...
[WAIT-FOR-RUN] 20:55:49 waiting for lock in /home/u1/workspace/demo/snaplink-audit-governance (5100s)...
[WAIT-FOR-RUN] 20:56:49 waiting for lock in /home/u1/workspace/demo/snaplink-audit-governance (5160s)...
[WAIT-FOR-RUN] 20:57:49 waiting for lock in /home/u1/workspace/demo/snaplink-audit-governance (5220s)...
[WAIT-FOR-RUN] 20:58:49 waiting for lock in /home/u1/workspace/demo/snaplink-audit-governance (5280s)...
[WAIT-FOR-RUN] 20:59:49 waiting for lock in /home/u1/workspace/demo/snaplink-audit-governance (5340s)...
[WAIT-FOR-RUN] 21:00:49 waiting for lock in /home/u1/workspace/demo/snaplink-audit-governance (5400s)...
[WAIT-FOR-RUN] 21:01:49 waiting for lock in /home/u1/workspace/demo/snaplink-audit-governance (5460s)...
[WAIT-FOR-RUN] 21:02:49 waiting for lock in /home/u1/workspace/demo/snaplink-audit-governance (5520s)...
[WAIT-FOR-RUN] 21:03:49 waiting for lock in /home/u1/workspace/demo/snaplink-audit-governance (5580s)...
[WAIT-FOR-RUN] 21:04:49 waiting for lock in /home/u1/workspace/demo/snaplink-audit-governance (5640s)...
[WAIT-FOR-RUN] 21:05:49 waiting for lock in /home/u1/workspace/demo/snaplink-audit-governance (5700s)...
[WAIT-FOR-RUN] 21:06:49 waiting for lock in /home/u1/workspace/demo/snaplink-audit-governance (5760s)...
[WAIT-FOR-RUN] 21:07:49 waiting for lock in /home/u1/workspace/demo/snaplink-audit-governance (5820s)...
[WAIT-FOR-RUN] 21:08:49 waiting for lock in /home/u1/workspace/demo/snaplink-audit-governance (5880s)...
[WAIT-FOR-RUN] 21:09:49 waiting for lock in /home/u1/workspace/demo/snaplink-audit-governance (5940s)...
[WAIT-FOR-RUN] 21:10:49 waiting for lock in /home/u1/workspace/demo/snaplink-audit-governance (6000s)...
[WAIT-FOR-RUN] 21:11:49 waiting for lock in /home/u1/workspace/demo/snaplink-audit-governance (6060s)...
[WAIT-FOR-RUN] 21:12:49 waiting for lock in /home/u1/workspace/demo/snaplink-audit-governance (6120s)...
[WAIT-FOR-RUN] 21:13:49 waiting for lock in /home/u1/workspace/demo/snaplink-audit-governance (6180s)...
[WAIT-FOR-RUN] 21:14:49 waiting for lock in /home/u1/workspace/demo/snaplink-audit-governance (6240s)...
[WAIT-FOR-RUN] 21:15:49 waiting for lock in /home/u1/workspace/demo/snaplink-audit-governance (6300s)...
[WAIT-FOR-RUN] 21:16:49 waiting for lock in /home/u1/workspace/demo/snaplink-audit-governance (6360s)...
[WAIT-FOR-RUN] 21:17:49 waiting for lock in /home/u1/workspace/demo/snaplink-audit-governance (6420s)...
[WAIT-FOR-RUN] 21:18:49 waiting for lock in /home/u1/workspace/demo/snaplink-audit-governance (6480s)...
[WAIT-FOR-RUN] 21:19:49 waiting for lock in /home/u1/workspace/demo/snaplink-audit-governance (6540s)...
[WAIT-FOR-RUN] 21:20:49 waiting for lock in /home/u1/workspace/demo/snaplink-audit-governance (6600s)...
[WAIT-FOR-RUN] 21:21:49 waiting for lock in /home/u1/workspace/demo/snaplink-audit-governance (6660s)...
[WAIT-FOR-RUN] lock free — starting: python3 pi-batch.py docs/campaigns/tasks-compose-2026-017.yaml --session-mode shared --session-name compose-017-audit --no-git-commit --retries 2 --log-file docs/campaigns/run.log
21:22:49 [INFO] 
21:22:49 [INFO] ============================================================
21:22:49 [INFO] ROUND 1 of 1
21:22:49 [INFO] ============================================================
21:22:49 [INFO] -- [1/1] --
21:22:49 [INFO] >>  pi -p 已批准的组合变更 COMPOSE-2026-017。本仓库（snaplink-audit-governance） 评估职责：事件类型 vault.file.de...  [model=default]  [timeout=900s]  [dir=/home/u1/workspace/demo/snaplink-audit-governance]
21:27:27 [INFO] OK  done  [278.4s]  [output=docs/proposals/compose-2026-017-audit-governance.md]
21:27:27 [INFO] VALIDATE: python3 /home/u1/ai-batch-runner/examples/snaplink-platform/scripts/check-no-refusal.py /home/u1/workspace/demo/snaplink-audit-governance/docs/proposals/compose-2026-017-audit-governance.md.0znbyto6.tmp
21:27:27 [INFO] WROTE /home/u1/workspace/demo/snaplink-audit-governance/docs/proposals/compose-2026-017-audit-governance.md (validated)
21:27:27 [INFO] All tasks passed in round 1

========================================================
  pi-batch execution report
========================================================
  total:     1
  succeeded: 1
  failed:    0
  CPU time:  278.4s
  wall time: 278.4s

  PASS  [ 278.4s] 已批准的组合变更 COMPOSE-2026-017。本仓库（snaplink-audit-governance） 评估职...
========================================================
